// Jest Snapshot v1, https://goo.gl/fbAQLP

exports[`Favorites component should render correctly 1`] = `
<div
  className="user-page"
>
  <header
    className="page-header user-page__head"
  >
    <div
      className="logo"
    >
      <a
        className="logo__link"
        href="/"
        onClick={[Function]}
      >
        <span
          className="logo__letter logo__letter--1"
        >
          W
        </span>
        <span
          className="logo__letter logo__letter--2"
        >
          T
        </span>
        <span
          className="logo__letter logo__letter--3"
        >
          W
        </span>
      </a>
    </div>
    <h1
      className="page-title user-page__title"
    >
      My list
    </h1>
    <div
      className="user-block"
    >
      <div
        className="user-block__avatar"
      >
        <img
          alt="User avatar of name"
          height="63"
          src="/"
          width="63"
        />
      </div>
    </div>
  </header>
  <section
    className="catalog"
  >
    <h2
      className="catalog__title visually-hidden"
    >
      Catalog
    </h2>
    <div
      className="catalog__movies-list"
    >
      <article
        className="small-movie-card catalog__movies-card"
        data-movie-id={1}
        onMouseEnter={[Function]}
        onMouseLeave={[Function]}
      >
        <a
          className="small-movie-card__image"
          href="/film/1"
          onClick={[Function]}
          style={
            Object {
              "display": "block",
            }
          }
        >
          <img
            alt="Midnight Special"
            height="175"
            src="https://es31-server.appspot.com/wtw/static/film/background/Midnight_Special.jpg"
            style={null}
            width="280"
          />
          <video
            controls={true}
            loop={true}
            muted={true}
            poster="https://es31-server.appspot.com/wtw/static/film/background/Midnight_Special.jpg"
            style={
              Object {
                "display": "none",
              }
            }
          />
        </a>
        <h3
          className="small-movie-card__title"
        >
          <a
            className="small-movie-card__link"
            href="/film/1"
            onClick={[Function]}
          >
            Midnight Special
          </a>
        </h3>
      </article>
      <article
        className="small-movie-card catalog__movies-card"
        data-movie-id={2}
        onMouseEnter={[Function]}
        onMouseLeave={[Function]}
      >
        <a
          className="small-movie-card__image"
          href="/film/2"
          onClick={[Function]}
          style={
            Object {
              "display": "block",
            }
          }
        >
          <img
            alt="What We Do in the Shadows"
            height="175"
            src="https://es31-server.appspot.com/wtw/static/film/background/What-We-Do-in-the-Shadows.jpg"
            style={null}
            width="280"
          />
          <video
            controls={true}
            loop={true}
            muted={true}
            poster="https://es31-server.appspot.com/wtw/static/film/background/What-We-Do-in-the-Shadows.jpg"
            style={
              Object {
                "display": "none",
              }
            }
          />
        </a>
        <h3
          className="small-movie-card__title"
        >
          <a
            className="small-movie-card__link"
            href="/film/2"
            onClick={[Function]}
          >
            What We Do in the Shadows
          </a>
        </h3>
      </article>
    </div>
  </section>
  <footer
    className="page-footer"
  >
    <div
      className="logo"
    >
      <a
        className="logo__link logo__link--light"
        href="/"
        onClick={[Function]}
      >
        <span
          className="logo__letter logo__letter--1"
        >
          W
        </span>
        <span
          className="logo__letter logo__letter--2"
        >
          T
        </span>
        <span
          className="logo__letter logo__letter--3"
        >
          W
        </span>
      </a>
    </div>
    <div
      className="copyright"
    >
      <p>
        Â© 2019 What to watch Ltd.
      </p>
    </div>
  </footer>
</div>
`;
