// Jest Snapshot v1, https://goo.gl/fbAQLP

exports[`Review component should render correctly 1`] = `
<div
  className="movie-card__reviews movie-card__row"
>
  <div
    className="movie-card__reviews-col"
  >
    <div
      className="review"
    >
      <blockquote
        className="review__quote"
      >
        <p
          className="review__text"
        >
          It was well acted, directed, and the music was good. But the story is yawn. Not trying to rip anybody but I checked my watch a dozen times during this movie.
        </p>
        <footer
          className="review__details"
        >
          <cite
            className="review__author"
          >
            Corey
          </cite>
          <time
            className="review__date"
            dateTime="2019-06-10"
          >
            June 10, 2019
          </time>
        </footer>
      </blockquote>
      <div
        className="review__rating"
      >
        4
      </div>
    </div>
    <div
      className="review"
    >
      <blockquote
        className="review__quote"
      >
        <p
          className="review__text"
        >
          I really find it difficult to believe this movie is rated highly by people. It's hands down the worst movie I've seen in my life
        </p>
        <footer
          className="review__details"
        >
          <cite
            className="review__author"
          >
            Jack
          </cite>
          <time
            className="review__date"
            dateTime="2019-06-02"
          >
            June 2, 2019
          </time>
        </footer>
      </blockquote>
      <div
        className="review__rating"
      >
        5
      </div>
    </div>
  </div>
  <div
    className="movie-card__reviews-col"
  >
    <div
      className="review"
    >
      <blockquote
        className="review__quote"
      >
        <p
          className="review__text"
        >
          A movie that will take you to another world full of emotions.
        </p>
        <footer
          className="review__details"
        >
          <cite
            className="review__author"
          >
            Zak
          </cite>
          <time
            className="review__date"
            dateTime="2019-05-30"
          >
            May 30, 2019
          </time>
        </footer>
      </blockquote>
      <div
        className="review__rating"
      >
        2
      </div>
    </div>
  </div>
</div>
`;
