// Jest Snapshot v1, https://goo.gl/fbAQLP

exports[`App component should render correctly for guests 1`] = `null`;

exports[`App component should render correctly when authorized 1`] = `null`;
