// Jest Snapshot v1, https://goo.gl/fbAQLP

exports[`Movie card component should render correctly 1`] = `
<article
  className="small-movie-card catalog__movies-card"
  data-movie-id={1}
  onMouseEnter={[Function]}
  onMouseLeave={[Function]}
>
  <a
    className="small-movie-card__image"
    href="/film/1"
    onClick={[Function]}
    style={
      Object {
        "display": "block",
      }
    }
  >
    <img
      alt="Fantastic Beasts: The Crimes of Grindelwald"
      height="175"
      src="img/fantastic-beasts-the-crimes-of-grindelwald.jpg"
      style={null}
      width="280"
    />
    <video
      controls={true}
      loop={true}
      muted={true}
      poster="img/fantastic-beasts-the-crimes-of-grindelwald.jpg"
      style={
        Object {
          "display": "none",
        }
      }
    />
  </a>
  <h3
    className="small-movie-card__title"
  >
    <a
      className="small-movie-card__link"
      href="/film/1"
      onClick={[Function]}
    >
      Fantastic Beasts: The Crimes of Grindelwald
    </a>
  </h3>
</article>
`;
